<testsuites name="jest tests" tests="3" failures="0" time="2.983">
  <testsuite name="undefined" errors="0" failures="0" skipped="0" timestamp="2020-06-11T09:33:06" time="2.983" tests="3">
    <testcase classname=" Initial UI renders correctly" name=" Initial UI renders correctly" time="0.242">
    </testcase>
    <testcase classname=" Test with non existing author" name=" Test with non existing author" time="0.082">
    </testcase>
    <testcase classname=" Test with existing author" name=" Test with existing author" time="0.113">
    </testcase>
  </testsuite>
</testsuites>